// Jest Snapshot v1, https://goo.gl/fbAQLP

exports[`NoteImage correct render 1`] = `
ShallowWrapper {
  Symbol(enzyme.__root__): [Circular],
  Symbol(enzyme.__unrendered__): <NoteImage
    note={
      Object {
        "created": 1548969900000,
        "id": 7,
        "size": "m",
        "tags": Array [
          3,
        ],
        "type": "image",
        "url": "https://avatars.mds.yandex.net/get-pdb/1534889/a869b7ef-32da-41e7-8703-326ae860e67f/orig",
      }
    }
    setPatchItem={[Function]}
    setPopup={[Function]}
    tags={
      Array [
        "коты",
      ]
    }
  />,
  Symbol(enzyme.__renderer__): Object {
    "batchedUpdates": [Function],
    "checkPropTypes": [Function],
    "getNode": [Function],
    "render": [Function],
    "simulateError": [Function],
    "simulateEvent": [Function],
    "unmount": [Function],
  },
  Symbol(enzyme.__node__): Object {
    "instance": null,
    "key": undefined,
    "nodeType": "function",
    "props": Object {
      "children": Array [
        <img
          alt="Картинка"
          className="image"
          src="https://avatars.mds.yandex.net/get-pdb/1534889/a869b7ef-32da-41e7-8703-326ae860e67f/orig"
        />,
        <div
          className="wrapper"
        >
          <Connect(NoteFooter)
            note={
              Object {
                "created": 1548969900000,
                "id": 7,
                "size": "m",
                "tags": Array [
                  3,
                ],
                "type": "image",
                "url": "https://avatars.mds.yandex.net/get-pdb/1534889/a869b7ef-32da-41e7-8703-326ae860e67f/orig",
              }
            }
            setPatchItem={[Function]}
            setPopup={[Function]}
            tags={
              Array [
                "коты",
              ]
            }
          />
        </div>,
      ],
    },
    "ref": null,
    "rendered": Array [
      Object {
        "instance": null,
        "key": undefined,
        "nodeType": "host",
        "props": Object {
          "alt": "Картинка",
          "className": "image",
          "src": "https://avatars.mds.yandex.net/get-pdb/1534889/a869b7ef-32da-41e7-8703-326ae860e67f/orig",
        },
        "ref": null,
        "rendered": null,
        "type": "img",
      },
      Object {
        "instance": null,
        "key": undefined,
        "nodeType": "host",
        "props": Object {
          "children": <Connect(NoteFooter)
            note={
              Object {
                "created": 1548969900000,
                "id": 7,
                "size": "m",
                "tags": Array [
                  3,
                ],
                "type": "image",
                "url": "https://avatars.mds.yandex.net/get-pdb/1534889/a869b7ef-32da-41e7-8703-326ae860e67f/orig",
              }
            }
            setPatchItem={[Function]}
            setPopup={[Function]}
            tags={
              Array [
                "коты",
              ]
            }
          />,
          "className": "wrapper",
        },
        "ref": null,
        "rendered": Object {
          "instance": null,
          "key": undefined,
          "nodeType": "class",
          "props": Object {
            "note": Object {
              "created": 1548969900000,
              "id": 7,
              "size": "m",
              "tags": Array [
                3,
              ],
              "type": "image",
              "url": "https://avatars.mds.yandex.net/get-pdb/1534889/a869b7ef-32da-41e7-8703-326ae860e67f/orig",
            },
            "setPatchItem": [Function],
            "setPopup": [Function],
            "tags": Array [
              "коты",
            ],
          },
          "ref": null,
          "rendered": null,
          "type": [Function],
        },
        "type": "div",
      },
    ],
    "type": Symbol(react.fragment),
  },
  Symbol(enzyme.__nodes__): Array [
    Object {
      "instance": null,
      "key": undefined,
      "nodeType": "function",
      "props": Object {
        "children": Array [
          <img
            alt="Картинка"
            className="image"
            src="https://avatars.mds.yandex.net/get-pdb/1534889/a869b7ef-32da-41e7-8703-326ae860e67f/orig"
          />,
          <div
            className="wrapper"
          >
            <Connect(NoteFooter)
              note={
                Object {
                  "created": 1548969900000,
                  "id": 7,
                  "size": "m",
                  "tags": Array [
                    3,
                  ],
                  "type": "image",
                  "url": "https://avatars.mds.yandex.net/get-pdb/1534889/a869b7ef-32da-41e7-8703-326ae860e67f/orig",
                }
              }
              setPatchItem={[Function]}
              setPopup={[Function]}
              tags={
                Array [
                  "коты",
                ]
              }
            />
          </div>,
        ],
      },
      "ref": null,
      "rendered": Array [
        Object {
          "instance": null,
          "key": undefined,
          "nodeType": "host",
          "props": Object {
            "alt": "Картинка",
            "className": "image",
            "src": "https://avatars.mds.yandex.net/get-pdb/1534889/a869b7ef-32da-41e7-8703-326ae860e67f/orig",
          },
          "ref": null,
          "rendered": null,
          "type": "img",
        },
        Object {
          "instance": null,
          "key": undefined,
          "nodeType": "host",
          "props": Object {
            "children": <Connect(NoteFooter)
              note={
                Object {
                  "created": 1548969900000,
                  "id": 7,
                  "size": "m",
                  "tags": Array [
                    3,
                  ],
                  "type": "image",
                  "url": "https://avatars.mds.yandex.net/get-pdb/1534889/a869b7ef-32da-41e7-8703-326ae860e67f/orig",
                }
              }
              setPatchItem={[Function]}
              setPopup={[Function]}
              tags={
                Array [
                  "коты",
                ]
              }
            />,
            "className": "wrapper",
          },
          "ref": null,
          "rendered": Object {
            "instance": null,
            "key": undefined,
            "nodeType": "class",
            "props": Object {
              "note": Object {
                "created": 1548969900000,
                "id": 7,
                "size": "m",
                "tags": Array [
                  3,
                ],
                "type": "image",
                "url": "https://avatars.mds.yandex.net/get-pdb/1534889/a869b7ef-32da-41e7-8703-326ae860e67f/orig",
              },
              "setPatchItem": [Function],
              "setPopup": [Function],
              "tags": Array [
                "коты",
              ],
            },
            "ref": null,
            "rendered": null,
            "type": [Function],
          },
          "type": "div",
        },
      ],
      "type": Symbol(react.fragment),
    },
  ],
  Symbol(enzyme.__options__): Object {
    "adapter": ReactSixteenAdapter {
      "options": Object {
        "enableComponentDidUpdateOnSetState": true,
        "legacyContextMode": "parent",
        "lifecycles": Object {
          "componentDidUpdate": Object {
            "onSetState": true,
          },
          "getChildContext": Object {
            "calledByRenderer": false,
          },
          "getDerivedStateFromError": true,
          "getDerivedStateFromProps": Object {
            "hasShouldComponentUpdateBug": false,
          },
          "getSnapshotBeforeUpdate": true,
          "setState": Object {
            "skipsComponentDidUpdateOnNullish": true,
          },
        },
      },
    },
  },
}
`;
