// Jest Snapshot v1, https://goo.gl/fbAQLP

exports[`ImageConstructor correct render 1`] = `
ShallowWrapper {
  Symbol(enzyme.__root__): [Circular],
  Symbol(enzyme.__unrendered__): <ImageConstructor
    image="https://avatars.mds.yandex.net/get-pdb/1534889/a869b7ef-32da-41e7-8703-326ae860e67f/orig"
    setImage={[Function]}
  />,
  Symbol(enzyme.__renderer__): Object {
    "batchedUpdates": [Function],
    "checkPropTypes": [Function],
    "getNode": [Function],
    "render": [Function],
    "simulateError": [Function],
    "simulateEvent": [Function],
    "unmount": [Function],
  },
  Symbol(enzyme.__node__): Object {
    "instance": null,
    "key": undefined,
    "nodeType": "host",
    "props": Object {
      "children": Array [
        false,
        <React.Fragment>
          <img
            alt="Упс, что-то пошло не так"
            className="image"
            src="https://avatars.mds.yandex.net/get-pdb/1534889/a869b7ef-32da-41e7-8703-326ae860e67f/orig"
          />
          <button
            className="reset"
            onClick={[Function]}
          />
        </React.Fragment>,
      ],
      "className": "wrapper",
    },
    "ref": null,
    "rendered": Array [
      false,
      Object {
        "instance": null,
        "key": undefined,
        "nodeType": "function",
        "props": Object {
          "children": Array [
            <img
              alt="Упс, что-то пошло не так"
              className="image"
              src="https://avatars.mds.yandex.net/get-pdb/1534889/a869b7ef-32da-41e7-8703-326ae860e67f/orig"
            />,
            <button
              className="reset"
              onClick={[Function]}
            />,
          ],
        },
        "ref": null,
        "rendered": Array [
          Object {
            "instance": null,
            "key": undefined,
            "nodeType": "host",
            "props": Object {
              "alt": "Упс, что-то пошло не так",
              "className": "image",
              "src": "https://avatars.mds.yandex.net/get-pdb/1534889/a869b7ef-32da-41e7-8703-326ae860e67f/orig",
            },
            "ref": null,
            "rendered": null,
            "type": "img",
          },
          Object {
            "instance": null,
            "key": undefined,
            "nodeType": "host",
            "props": Object {
              "className": "reset",
              "onClick": [Function],
            },
            "ref": null,
            "rendered": null,
            "type": "button",
          },
        ],
        "type": Symbol(react.fragment),
      },
    ],
    "type": "div",
  },
  Symbol(enzyme.__nodes__): Array [
    Object {
      "instance": null,
      "key": undefined,
      "nodeType": "host",
      "props": Object {
        "children": Array [
          false,
          <React.Fragment>
            <img
              alt="Упс, что-то пошло не так"
              className="image"
              src="https://avatars.mds.yandex.net/get-pdb/1534889/a869b7ef-32da-41e7-8703-326ae860e67f/orig"
            />
            <button
              className="reset"
              onClick={[Function]}
            />
          </React.Fragment>,
        ],
        "className": "wrapper",
      },
      "ref": null,
      "rendered": Array [
        false,
        Object {
          "instance": null,
          "key": undefined,
          "nodeType": "function",
          "props": Object {
            "children": Array [
              <img
                alt="Упс, что-то пошло не так"
                className="image"
                src="https://avatars.mds.yandex.net/get-pdb/1534889/a869b7ef-32da-41e7-8703-326ae860e67f/orig"
              />,
              <button
                className="reset"
                onClick={[Function]}
              />,
            ],
          },
          "ref": null,
          "rendered": Array [
            Object {
              "instance": null,
              "key": undefined,
              "nodeType": "host",
              "props": Object {
                "alt": "Упс, что-то пошло не так",
                "className": "image",
                "src": "https://avatars.mds.yandex.net/get-pdb/1534889/a869b7ef-32da-41e7-8703-326ae860e67f/orig",
              },
              "ref": null,
              "rendered": null,
              "type": "img",
            },
            Object {
              "instance": null,
              "key": undefined,
              "nodeType": "host",
              "props": Object {
                "className": "reset",
                "onClick": [Function],
              },
              "ref": null,
              "rendered": null,
              "type": "button",
            },
          ],
          "type": Symbol(react.fragment),
        },
      ],
      "type": "div",
    },
  ],
  Symbol(enzyme.__options__): Object {
    "adapter": ReactSixteenAdapter {
      "options": Object {
        "enableComponentDidUpdateOnSetState": true,
        "legacyContextMode": "parent",
        "lifecycles": Object {
          "componentDidUpdate": Object {
            "onSetState": true,
          },
          "getChildContext": Object {
            "calledByRenderer": false,
          },
          "getDerivedStateFromError": true,
          "getDerivedStateFromProps": Object {
            "hasShouldComponentUpdateBug": false,
          },
          "getSnapshotBeforeUpdate": true,
          "setState": Object {
            "skipsComponentDidUpdateOnNullish": true,
          },
        },
      },
    },
  },
}
`;
